// Jest Snapshot v1, https://goo.gl/fbAQLP

exports[`Test for <AddCategory /> Should show <AddCategory /> successfully 1`] = `
<form
  className="mb-5"
  onSubmit={[Function]}
>
  <input
    onChange={[Function]}
    type="text"
    value=""
  />
</form>
`;
